Archive member included to satisfy reference by file (symbol)

c:/st/stm32cubeide_1.8.0/stm32cubeide/plugins/com.st.stm32cube.ide.mcu.externaltools.gnu-tools-for-stm32.9-2020-q2-update.win32_2.0.0.202105311346/tools/bin/../lib/gcc/arm-none-eabi/9.3.1/../../../../arm-none-eabi/lib/thumb/v7-m/nofp\libc_nano.a(lib_a-errno.o)
                              ./Core/Src/syscalls.o (__errno)
c:/st/stm32cubeide_1.8.0/stm32cubeide/plugins/com.st.stm32cube.ide.mcu.externaltools.gnu-tools-for-stm32.9-2020-q2-update.win32_2.0.0.202105311346/tools/bin/../lib/gcc/arm-none-eabi/9.3.1/../../../../arm-none-eabi/lib/thumb/v7-m/nofp\libc_nano.a(lib_a-exit.o)
                              c:/st/stm32cubeide_1.8.0/stm32cubeide/plugins/com.st.stm32cube.ide.mcu.externaltools.gnu-tools-for-stm32.9-2020-q2-update.win32_2.0.0.202105311346/tools/bin/../lib/gcc/arm-none-eabi/9.3.1/../../../../arm-none-eabi/lib/thumb/v7-m/nofp/crt0.o (exit)
c:/st/stm32cubeide_1.8.0/stm32cubeide/plugins/com.st.stm32cube.ide.mcu.externaltools.gnu-tools-for-stm32.9-2020-q2-update.win32_2.0.0.202105311346/tools/bin/../lib/gcc/arm-none-eabi/9.3.1/../../../../arm-none-eabi/lib/thumb/v7-m/nofp\libc_nano.a(lib_a-impure.o)
                              c:/st/stm32cubeide_1.8.0/stm32cubeide/plugins/com.st.stm32cube.ide.mcu.externaltools.gnu-tools-for-stm32.9-2020-q2-update.win32_2.0.0.202105311346/tools/bin/../lib/gcc/arm-none-eabi/9.3.1/../../../../arm-none-eabi/lib/thumb/v7-m/nofp\libc_nano.a(lib_a-exit.o) (_global_impure_ptr)
c:/st/stm32cubeide_1.8.0/stm32cubeide/plugins/com.st.stm32cube.ide.mcu.externaltools.gnu-tools-for-stm32.9-2020-q2-update.win32_2.0.0.202105311346/tools/bin/../lib/gcc/arm-none-eabi/9.3.1/../../../../arm-none-eabi/lib/thumb/v7-m/nofp\libc_nano.a(lib_a-init.o)
                              c:/st/stm32cubeide_1.8.0/stm32cubeide/plugins/com.st.stm32cube.ide.mcu.externaltools.gnu-tools-for-stm32.9-2020-q2-update.win32_2.0.0.202105311346/tools/bin/../lib/gcc/arm-none-eabi/9.3.1/../../../../arm-none-eabi/lib/thumb/v7-m/nofp/crt0.o (__libc_init_array)
c:/st/stm32cubeide_1.8.0/stm32cubeide/plugins/com.st.stm32cube.ide.mcu.externaltools.gnu-tools-for-stm32.9-2020-q2-update.win32_2.0.0.202105311346/tools/bin/../lib/gcc/arm-none-eabi/9.3.1/../../../../arm-none-eabi/lib/thumb/v7-m/nofp\libc_nano.a(lib_a-memset.o)
                              c:/st/stm32cubeide_1.8.0/stm32cubeide/plugins/com.st.stm32cube.ide.mcu.externaltools.gnu-tools-for-stm32.9-2020-q2-update.win32_2.0.0.202105311346/tools/bin/../lib/gcc/arm-none-eabi/9.3.1/../../../../arm-none-eabi/lib/thumb/v7-m/nofp/crt0.o (memset)
c:/st/stm32cubeide_1.8.0/stm32cubeide/plugins/com.st.stm32cube.ide.mcu.externaltools.gnu-tools-for-stm32.9-2020-q2-update.win32_2.0.0.202105311346/tools/bin/../lib/gcc/arm-none-eabi/9.3.1/../../../../arm-none-eabi/lib/thumb/v7-m/nofp\libc_nano.a(lib_a-strlen.o)
                              ./Core/Src/main.o (strlen)
c:/st/stm32cubeide_1.8.0/stm32cubeide/plugins/com.st.stm32cube.ide.mcu.externaltools.gnu-tools-for-stm32.9-2020-q2-update.win32_2.0.0.202105311346/tools/bin/../lib/gcc/arm-none-eabi/9.3.1/thumb/v7-m/nofp\libgcc.a(_aeabi_uldivmod.o)
                              ./Drivers/STM32L1xx_HAL_Driver/stm32l1xx_hal_rcc.o (__aeabi_uldivmod)
c:/st/stm32cubeide_1.8.0/stm32cubeide/plugins/com.st.stm32cube.ide.mcu.externaltools.gnu-tools-for-stm32.9-2020-q2-update.win32_2.0.0.202105311346/tools/bin/../lib/gcc/arm-none-eabi/9.3.1/thumb/v7-m/nofp\libgcc.a(_udivmoddi4.o)
                              c:/st/stm32cubeide_1.8.0/stm32cubeide/plugins/com.st.stm32cube.ide.mcu.externaltools.gnu-tools-for-stm32.9-2020-q2-update.win32_2.0.0.202105311346/tools/bin/../lib/gcc/arm-none-eabi/9.3.1/thumb/v7-m/nofp\libgcc.a(_aeabi_uldivmod.o) (__udivmoddi4)
c:/st/stm32cubeide_1.8.0/stm32cubeide/plugins/com.st.stm32cube.ide.mcu.externaltools.gnu-tools-for-stm32.9-2020-q2-update.win32_2.0.0.202105311346/tools/bin/../lib/gcc/arm-none-eabi/9.3.1/thumb/v7-m/nofp\libgcc.a(_dvmd_tls.o)
                              c:/st/stm32cubeide_1.8.0/stm32cubeide/plugins/com.st.stm32cube.ide.mcu.externaltools.gnu-tools-for-stm32.9-2020-q2-update.win32_2.0.0.202105311346/tools/bin/../lib/gcc/arm-none-eabi/9.3.1/thumb/v7-m/nofp\libgcc.a(_aeabi_uldivmod.o) (__aeabi_ldiv0)

Allocating common symbols
Common symbol       size              file

uwTick              0x4               ./Drivers/STM32L1xx_HAL_Driver/stm32l1xx_hal.o
pFlash              0x18              ./Drivers/STM32L1xx_HAL_Driver/stm32l1xx_hal_flash.o
receivedData        0x3e8             ./Core/Src/main.o
huart1              0x48              ./Core/Src/usart.o
huart2              0x48              ./Core/Src/usart.o

Discarded input sections

 .text          0x0000000000000000        0x0 c:/st/stm32cubeide_1.8.0/stm32cubeide/plugins/com.st.stm32cube.ide.mcu.externaltools.gnu-tools-for-stm32.9-2020-q2-update.win32_2.0.0.202105311346/tools/bin/../lib/gcc/arm-none-eabi/9.3.1/thumb/v7-m/nofp/crti.o
[...]
Memory Configuration

Name             Origin             Length             Attributes
RAM              0x0000000020000000 0x0000000000014000 xrw
FLASH            0x0000000008000000 0x0000000000080000 xr
*default*        0x0000000000000000 0xffffffffffffffff

Linker script and memory map

LOAD c:/st/stm32cubeide_1.8.0/stm32cubeide/plugins/com.st.stm32cube.ide.mcu.externaltools.gnu-tools-for-stm32.9-2020-q2-update.win32_2.0.0.202105311346/tools/bin/../lib/gcc/arm-none-eabi/9.3.1/thumb/v7-m/nofp/crti.o
LOAD c:/st/stm32cubeide_1.8.0/stm32cubeide/plugins/com.st.stm32cube.ide.mcu.externaltools.gnu-tools-for-stm32.9-2020-q2-update.win32_2.0.0.202105311346/tools/bin/../lib/gcc/arm-none-eabi/9.3.1/thumb/v7-m/nofp/crtbegin.o
LOAD c:/st/stm32cubeide_1.8.0/stm32cubeide/plugins/com.st.stm32cube.ide.mcu.externaltools.gnu-tools-for-stm32.9-2020-q2-update.win32_2.0.0.202105311346/tools/bin/../lib/gcc/arm-none-eabi/9.3.1/../../../../arm-none-eabi/lib/thumb/v7-m/nofp/crt0.o
LOAD ./Core/Src/gpio.o
LOAD ./Core/Src/main.o
LOAD ./Core/Src/stm32l1xx_hal_msp.o
LOAD ./Core/Src/stm32l1xx_it.o
LOAD ./Core/Src/syscalls.o
LOAD ./Core/Src/sysmem.o
LOAD ./Core/Src/system_stm32l1xx.o
LOAD ./Core/Src/usart.o
LOAD ./Core/Startup/startup_stm32l152retx.o
LOAD ./Drivers/STM32L1xx_HAL_Driver/stm32l1xx_hal.o
LOAD ./Drivers/STM32L1xx_HAL_Driver/stm32l1xx_hal_cortex.o
LOAD ./Drivers/STM32L1xx_HAL_Driver/stm32l1xx_hal_dma.o
LOAD ./Drivers/STM32L1xx_HAL_Driver/stm32l1xx_hal_exti.o
LOAD ./Drivers/STM32L1xx_HAL_Driver/stm32l1xx_hal_flash.o
LOAD ./Drivers/STM32L1xx_HAL_Driver/stm32l1xx_hal_flash_ex.o
LOAD ./Drivers/STM32L1xx_HAL_Driver/stm32l1xx_hal_flash_ramfunc.o
LOAD ./Drivers/STM32L1xx_HAL_Driver/stm32l1xx_hal_gpio.o
LOAD ./Drivers/STM32L1xx_HAL_Driver/stm32l1xx_hal_pwr.o
LOAD ./Drivers/STM32L1xx_HAL_Driver/stm32l1xx_hal_pwr_ex.o
LOAD ./Drivers/STM32L1xx_HAL_Driver/stm32l1xx_hal_rcc.o
LOAD ./Drivers/STM32L1xx_HAL_Driver/stm32l1xx_hal_rcc_ex.o
LOAD ./Drivers/STM32L1xx_HAL_Driver/stm32l1xx_hal_tim.o
LOAD ./Drivers/STM32L1xx_HAL_Driver/stm32l1xx_hal_tim_ex.o
LOAD ./Drivers/STM32L1xx_HAL_Driver/stm32l1xx_hal_uart.o
START GROUP
LOAD c:/st/stm32cubeide_1.8.0/stm32cubeide/plugins/com.st.stm32cube.ide.mcu.externaltools.gnu-tools-for-stm32.9-2020-q2-update.win32_2.0.0.202105311346/tools/bin/../lib/gcc/arm-none-eabi/9.3.1/../../../../arm-none-eabi/lib/thumb/v7-m/nofp\libc_nano.a
LOAD c:/st/stm32cubeide_1.8.0/stm32cubeide/plugins/com.st.stm32cube.ide.mcu.externaltools.gnu-tools-for-stm32.9-2020-q2-update.win32_2.0.0.202105311346/tools/bin/../lib/gcc/arm-none-eabi/9.3.1/../../../../arm-none-eabi/lib/thumb/v7-m/nofp\libm.a
END GROUP
START GROUP
LOAD c:/st/stm32cubeide_1.8.0/stm32cubeide/plugins/com.st.stm32cube.ide.mcu.externaltools.gnu-tools-for-stm32.9-2020-q2-update.win32_2.0.0.202105311346/tools/bin/../lib/gcc/arm-none-eabi/9.3.1/thumb/v7-m/nofp\libgcc.a
LOAD c:/st/stm32cubeide_1.8.0/stm32cubeide/plugins/com.st.stm32cube.ide.mcu.externaltools.gnu-tools-for-stm32.9-2020-q2-update.win32_2.0.0.202105311346/tools/bin/../lib/gcc/arm-none-eabi/9.3.1/../../../../arm-none-eabi/lib/thumb/v7-m/nofp\libc_nano.a
END GROUP
START GROUP
LOAD c:/st/stm32cubeide_1.8.0/stm32cubeide/plugins/com.st.stm32cube.ide.mcu.externaltools.gnu-tools-for-stm32.9-2020-q2-update.win32_2.0.0.202105311346/tools/bin/../lib/gcc/arm-none-eabi/9.3.1/thumb/v7-m/nofp\libgcc.a
LOAD c:/st/stm32cubeide_1.8.0/stm32cubeide/plugins/com.st.stm32cube.ide.mcu.externaltools.gnu-tools-for-stm32.9-2020-q2-update.win32_2.0.0.202105311346/tools/bin/../lib/gcc/arm-none-eabi/9.3.1/../../../../arm-none-eabi/lib/thumb/v7-m/nofp\libc_nano.a
LOAD c:/st/stm32cubeide_1.8.0/stm32cubeide/plugins/com.st.stm32cube.ide.mcu.externaltools.gnu-tools-for-stm32.9-2020-q2-update.win32_2.0.0.202105311346/tools/bin/../lib/gcc/arm-none-eabi/9.3.1/../../../../arm-none-eabi/lib/thumb/v7-m/nofp\libnosys.a
END GROUP
START GROUP
LOAD c:/st/stm32cubeide_1.8.0/stm32cubeide/plugins/com.st.stm32cube.ide.mcu.externaltools.gnu-tools-for-stm32.9-2020-q2-update.win32_2.0.0.202105311346/tools/bin/../lib/gcc/arm-none-eabi/9.3.1/thumb/v7-m/nofp\libgcc.a
LOAD c:/st/stm32cubeide_1.8.0/stm32cubeide/plugins/com.st.stm32cube.ide.mcu.externaltools.gnu-tools-for-stm32.9-2020-q2-update.win32_2.0.0.202105311346/tools/bin/../lib/gcc/arm-none-eabi/9.3.1/../../../../arm-none-eabi/lib/thumb/v7-m/nofp\libc_nano.a
LOAD c:/st/stm32cubeide_1.8.0/stm32cubeide/plugins/com.st.stm32cube.ide.mcu.externaltools.gnu-tools-for-stm32.9-2020-q2-update.win32_2.0.0.202105311346/tools/bin/../lib/gcc/arm-none-eabi/9.3.1/../../../../arm-none-eabi/lib/thumb/v7-m/nofp\libnosys.a
END GROUP
LOAD c:/st/stm32cubeide_1.8.0/stm32cubeide/plugins/com.st.stm32cube.ide.mcu.externaltools.gnu-tools-for-stm32.9-2020-q2-update.win32_2.0.0.202105311346/tools/bin/../lib/gcc/arm-none-eabi/9.3.1/thumb/v7-m/nofp/crtend.o
LOAD c:/st/stm32cubeide_1.8.0/stm32cubeide/plugins/com.st.stm32cube.ide.mcu.externaltools.gnu-tools-for-stm32.9-2020-q2-update.win32_2.0.0.202105311346/tools/bin/../lib/gcc/arm-none-eabi/9.3.1/thumb/v7-m/nofp/crtn.o
                0x0000000020014000                _estack = (ORIGIN (RAM) + LENGTH (RAM))
                0x0000000000000200                _Min_Heap_Size = 0x200
                0x0000000000000400                _Min_Stack_Size = 0x400

.isr_vector     0x0000000008000000      0x13c
                0x0000000008000000                . = ALIGN (0x4)
 *(.isr_vector)
 .isr_vector    0x0000000008000000      0x13c ./Core/Startup/startup_stm32l152retx.o
                0x0000000008000000                g_pfnVectors
                0x000000000800013c                . = ALIGN (0x4)

.text           0x000000000800013c     0x1894
                0x000000000800013c                . = ALIGN (0x4)
 *(.text)
 .text          0x000000000800013c       0x40 c:/st/stm32cubeide_1.8.0/stm32cubeide/plugins/com.st.stm32cube.ide.mcu.externaltools.gnu-tools-for-stm32.9-2020-q2-update.win32_2.0.0.202105311346/tools/bin/../lib/gcc/arm-none-eabi/9.3.1/thumb/v7-m/nofp/crtbegin.o
 .text          0x000000000800017c       0x10 c:/st/stm32cubeide_1.8.0/stm32cubeide/plugins/com.st.stm32cube.ide.mcu.externaltools.gnu-tools-for-stm32.9-2020-q2-update.win32_2.0.0.202105311346/tools/bin/../lib/gcc/arm-none-eabi/9.3.1/../../../../arm-none-eabi/lib/thumb/v7-m/nofp\libc_nano.a(lib_a-strlen.o)
                0x000000000800017c                strlen
 *(.text*)
 .text.MX_GPIO_Init
                0x000000000800018c       0xcc ./Core/Src/gpio.o
                0x000000000800018c                MX_GPIO_Init
 .text.main     0x0000000008000258      0x118 ./Core/Src/main.o
                0x0000000008000258                main
 .text.SystemClock_Config
                0x0000000008000370       0x66 ./Core/Src/main.o
                0x0000000008000370                SystemClock_Config
 .text.Error_Handler
                0x00000000080003d6        0xa ./Core/Src/main.o
                0x00000000080003d6                Error_Handler
 .text.HAL_MspInit
                0x00000000080003e0       0x60 ./Core/Src/stm32l1xx_hal_msp.o
                0x00000000080003e0                HAL_MspInit
 .text.NMI_Handler
                0x0000000008000440        0x6 ./Core/Src/stm32l1xx_it.o
                0x0000000008000440                NMI_Handler
 .text.HardFault_Handler
                0x0000000008000446        0x6 ./Core/Src/stm32l1xx_it.o
                0x0000000008000446                HardFault_Handler
 .text.MemManage_Handler
                0x000000000800044c        0x6 ./Core/Src/stm32l1xx_it.o
                0x000000000800044c                MemManage_Handler
 .text.BusFault_Handler
                0x0000000008000452        0x6 ./Core/Src/stm32l1xx_it.o
                0x0000000008000452                BusFault_Handler
 .text.UsageFault_Handler
                0x0000000008000458        0x6 ./Core/Src/stm32l1xx_it.o
                0x0000000008000458                UsageFault_Handler
 .text.SVC_Handler
                0x000000000800045e        0xc ./Core/Src/stm32l1xx_it.o
                0x000000000800045e                SVC_Handler
 .text.DebugMon_Handler
                0x000000000800046a        0xc ./Core/Src/stm32l1xx_it.o
                0x000000000800046a                DebugMon_Handler
 .text.PendSV_Handler
                0x0000000008000476        0xc ./Core/Src/stm32l1xx_it.o
                0x0000000008000476                PendSV_Handler
 .text.SysTick_Handler
                0x0000000008000482        0xc ./Core/Src/stm32l1xx_it.o
                0x0000000008000482                SysTick_Handler
 .text.SystemInit
                0x000000000800048e        0xc ./Core/Src/system_stm32l1xx.o
                0x000000000800048e                SystemInit
 *fill*         0x000000000800049a        0x2 
 .text.MX_USART1_UART_Init
                0x000000000800049c       0x54 ./Core/Src/usart.o
                0x000000000800049c                MX_USART1_UART_Init
 .text.MX_USART2_UART_Init
                0x00000000080004f0       0x54 ./Core/Src/usart.o
                0x00000000080004f0                MX_USART2_UART_Init
 .text.HAL_UART_MspInit
                0x0000000008000544       0xe8 ./Core/Src/usart.o
                0x0000000008000544                HAL_UART_MspInit
 .text.Reset_Handler
                0x000000000800062c       0x48 ./Core/Startup/startup_stm32l152retx.o
                0x000000000800062c                Reset_Handler
 .text.Default_Handler
                0x0000000008000674        0x2 ./Core/Startup/startup_stm32l152retx.o
                0x0000000008000674                RTC_Alarm_IRQHandler
                0x0000000008000674                EXTI2_IRQHandler
                0x0000000008000674                COMP_ACQ_IRQHandler
                0x0000000008000674                TIM10_IRQHandler
                0x0000000008000674                USB_HP_IRQHandler
                0x0000000008000674                TIM6_IRQHandler
                0x0000000008000674                PVD_IRQHandler
                0x0000000008000674                EXTI3_IRQHandler
                0x0000000008000674                EXTI0_IRQHandler
                0x0000000008000674                I2C2_EV_IRQHandler
                0x0000000008000674                SPI1_IRQHandler
                0x0000000008000674                USB_FS_WKUP_IRQHandler
                0x0000000008000674                DMA2_Channel2_IRQHandler
                0x0000000008000674                DMA1_Channel4_IRQHandler
                0x0000000008000674                ADC1_IRQHandler
                0x0000000008000674                USART3_IRQHandler
                0x0000000008000674                DMA1_Channel7_IRQHandler
                0x0000000008000674                LCD_IRQHandler
                0x0000000008000674                UART5_IRQHandler
                0x0000000008000674                TIM4_IRQHandler
                0x0000000008000674                DMA2_Channel1_IRQHandler
                0x0000000008000674                I2C1_EV_IRQHandler
                0x0000000008000674                DMA1_Channel6_IRQHandler
                0x0000000008000674                UART4_IRQHandler
                0x0000000008000674                DMA2_Channel4_IRQHandler
                0x0000000008000674                TIM3_IRQHandler
                0x0000000008000674                RCC_IRQHandler
                0x0000000008000674                DMA1_Channel1_IRQHandler
                0x0000000008000674                Default_Handler
                0x0000000008000674                EXTI15_10_IRQHandler
                0x0000000008000674                TIM7_IRQHandler
                0x0000000008000674                TIM5_IRQHandler
                0x0000000008000674                EXTI9_5_IRQHandler
                0x0000000008000674                TIM9_IRQHandler
                0x0000000008000674                TAMPER_STAMP_IRQHandler
                0x0000000008000674                RTC_WKUP_IRQHandler
                0x0000000008000674                SPI2_IRQHandler
                0x0000000008000674                DMA2_Channel5_IRQHandler
                0x0000000008000674                DMA1_Channel5_IRQHandler
                0x0000000008000674                USB_LP_IRQHandler
                0x0000000008000674                EXTI4_IRQHandler
                0x0000000008000674                DMA1_Channel3_IRQHandler
                0x0000000008000674                COMP_IRQHandler
                0x0000000008000674                WWDG_IRQHandler
                0x0000000008000674                TIM2_IRQHandler
                0x0000000008000674                DAC_IRQHandler
                0x0000000008000674                EXTI1_IRQHandler
                0x0000000008000674                TIM11_IRQHandler
                0x0000000008000674                USART2_IRQHandler
                0x0000000008000674                I2C2_ER_IRQHandler
                0x0000000008000674                DMA1_Channel2_IRQHandler
                0x0000000008000674                FLASH_IRQHandler
                0x0000000008000674                USART1_IRQHandler
                0x0000000008000674                SPI3_IRQHandler
                0x0000000008000674                I2C1_ER_IRQHandler
                0x0000000008000674                DMA2_Channel3_IRQHandler
 .text.HAL_Init
                0x0000000008000676       0x30 ./Drivers/STM32L1xx_HAL_Driver/stm32l1xx_hal.o
                0x0000000008000676                HAL_Init
 *fill*         0x00000000080006a6        0x2 
 .text.HAL_InitTick
                0x00000000080006a8       0x74 ./Drivers/STM32L1xx_HAL_Driver/stm32l1xx_hal.o
                0x00000000080006a8                HAL_InitTick
 .text.HAL_IncTick
                0x000000000800071c       0x24 ./Drivers/STM32L1xx_HAL_Driver/stm32l1xx_hal.o
                0x000000000800071c                HAL_IncTick
 .text.HAL_GetTick
                0x0000000008000740       0x14 ./Drivers/STM32L1xx_HAL_Driver/stm32l1xx_hal.o
                0x0000000008000740                HAL_GetTick
 .text.__NVIC_SetPriorityGrouping
                0x0000000008000754       0x48 ./Drivers/STM32L1xx_HAL_Driver/stm32l1xx_hal_cortex.o
 .text.__NVIC_GetPriorityGrouping
                0x000000000800079c       0x1c ./Drivers/STM32L1xx_HAL_Driver/stm32l1xx_hal_cortex.o
 .text.__NVIC_SetPriority
                0x00000000080007b8       0x54 ./Drivers/STM32L1xx_HAL_Driver/stm32l1xx_hal_cortex.o
 .text.NVIC_EncodePriority
                0x000000000800080c       0x64 ./Drivers/STM32L1xx_HAL_Driver/stm32l1xx_hal_cortex.o
 .text.SysTick_Config
                0x0000000008000870       0x44 ./Drivers/STM32L1xx_HAL_Driver/stm32l1xx_hal_cortex.o
 .text.HAL_NVIC_SetPriorityGrouping
                0x00000000080008b4       0x16 ./Drivers/STM32L1xx_HAL_Driver/stm32l1xx_hal_cortex.o
                0x00000000080008b4                HAL_NVIC_SetPriorityGrouping
 .text.HAL_NVIC_SetPriority
                0x00000000080008ca       0x38 ./Drivers/STM32L1xx_HAL_Driver/stm32l1xx_hal_cortex.o
                0x00000000080008ca                HAL_NVIC_SetPriority
 .text.HAL_SYSTICK_Config
                0x0000000008000902       0x18 ./Drivers/STM32L1xx_HAL_Driver/stm32l1xx_hal_cortex.o
                0x0000000008000902                HAL_SYSTICK_Config
 *fill*         0x000000000800091a        0x2 
 .text.HAL_GPIO_Init
                0x000000000800091c      0x320 ./Drivers/STM32L1xx_HAL_Driver/stm32l1xx_hal_gpio.o
                0x000000000800091c                HAL_GPIO_Init
 .text.HAL_GPIO_WritePin
                0x0000000008000c3c       0x30 ./Drivers/STM32L1xx_HAL_Driver/stm32l1xx_hal_gpio.o
                0x0000000008000c3c                HAL_GPIO_WritePin
 .text.HAL_RCC_OscConfig
                0x0000000008000c6c      0x660 ./Drivers/STM32L1xx_HAL_Driver/stm32l1xx_hal_rcc.o
                0x0000000008000c6c                HAL_RCC_OscConfig
 .text.HAL_RCC_GetHCLKFreq
                0x00000000080012cc       0x14 ./Drivers/STM32L1xx_HAL_Driver/stm32l1xx_hal_rcc.o
                0x00000000080012cc                HAL_RCC_GetHCLKFreq
 .text.HAL_RCC_GetPCLK1Freq
                0x00000000080012e0       0x28 ./Drivers/STM32L1xx_HAL_Driver/stm32l1xx_hal_rcc.o
                0x00000000080012e0                HAL_RCC_GetPCLK1Freq
 .text.HAL_RCC_GetPCLK2Freq
                0x0000000008001308       0x28 ./Drivers/STM32L1xx_HAL_Driver/stm32l1xx_hal_rcc.o
                0x0000000008001308                HAL_RCC_GetPCLK2Freq
 .text.RCC_SetFlashLatencyFromMSIRange
                0x0000000008001330       0xc0 ./Drivers/STM32L1xx_HAL_Driver/stm32l1xx_hal_rcc.o
 .text.HAL_UART_Init
                0x00000000080013f0       0xa0 ./Drivers/STM32L1xx_HAL_Driver/stm32l1xx_hal_uart.o
                0x00000000080013f0                HAL_UART_Init
 .text.HAL_UART_Transmit
                0x0000000008001490      0x106 ./Drivers/STM32L1xx_HAL_Driver/stm32l1xx_hal_uart.o
                0x0000000008001490                HAL_UART_Transmit
 .text.HAL_UART_Receive
                0x0000000008001596      0x124 ./Drivers/STM32L1xx_HAL_Driver/stm32l1xx_hal_uart.o
                0x0000000008001596                HAL_UART_Receive
 .text.UART_WaitOnFlagUntilTimeout
                0x00000000080016ba       0xdc ./Drivers/STM32L1xx_HAL_Driver/stm32l1xx_hal_uart.o
 *fill*         0x0000000008001796        0x2 
 .text.UART_SetConfig
                0x0000000008001798      0x1c8 ./Drivers/STM32L1xx_HAL_Driver/stm32l1xx_hal_uart.o
 .text.__libc_init_array
                0x0000000008001960       0x48 c:/st/stm32cubeide_1.8.0/stm32cubeide/plugins/com.st.stm32cube.ide.mcu.externaltools.gnu-tools-for-stm32.9-2020-q2-update.win32_2.0.0.202105311346/tools/bin/../lib/gcc/arm-none-eabi/9.3.1/../../../../arm-none-eabi/lib/thumb/v7-m/nofp\libc_nano.a(lib_a-init.o)
                0x0000000008001960                __libc_init_array
 .text.memset   0x00000000080019a8       0x10 c:/st/stm32cubeide_1.8.0/stm32cubeide/plugins/com.st.stm32cube.ide.mcu.externaltools.gnu-tools-for-stm32.9-2020-q2-update.win32_2.0.0.202105311346/tools/bin/../lib/gcc/arm-none-eabi/9.3.1/../../../../arm-none-eabi/lib/thumb/v7-m/nofp\libc_nano.a(lib_a-memset.o)
                0x00000000080019a8                memset
 *(.glue_7)
 .glue_7        0x00000000080019b8        0x0 linker stubs
 *(.glue_7t)
 .glue_7t       0x00000000080019b8        0x0 linker stubs
 *(.eh_frame)
 .eh_frame      0x00000000080019b8        0x0 c:/st/stm32cubeide_1.8.0/stm32cubeide/plugins/com.st.stm32cube.ide.mcu.externaltools.gnu-tools-for-stm32.9-2020-q2-update.win32_2.0.0.202105311346/tools/bin/../lib/gcc/arm-none-eabi/9.3.1/thumb/v7-m/nofp/crtbegin.o
 *(.init)
 .init          0x00000000080019b8        0x4 c:/st/stm32cubeide_1.8.0/stm32cubeide/plugins/com.st.stm32cube.ide.mcu.externaltools.gnu-tools-for-stm32.9-2020-q2-update.win32_2.0.0.202105311346/tools/bin/../lib/gcc/arm-none-eabi/9.3.1/thumb/v7-m/nofp/crti.o
                0x00000000080019b8                _init
 .init          0x00000000080019bc        0x8 c:/st/stm32cubeide_1.8.0/stm32cubeide/plugins/com.st.stm32cube.ide.mcu.externaltools.gnu-tools-for-stm32.9-2020-q2-update.win32_2.0.0.202105311346/tools/bin/../lib/gcc/arm-none-eabi/9.3.1/thumb/v7-m/nofp/crtn.o
 *(.fini)
 .fini          0x00000000080019c4        0x4 c:/st/stm32cubeide_1.8.0/stm32cubeide/plugins/com.st.stm32cube.ide.mcu.externaltools.gnu-tools-for-stm32.9-2020-q2-update.win32_2.0.0.202105311346/tools/bin/../lib/gcc/arm-none-eabi/9.3.1/thumb/v7-m/nofp/crti.o
                0x00000000080019c4                _fini
 .fini          0x00000000080019c8        0x8 c:/st/stm32cubeide_1.8.0/stm32cubeide/plugins/com.st.stm32cube.ide.mcu.externaltools.gnu-tools-for-stm32.9-2020-q2-update.win32_2.0.0.202105311346/tools/bin/../lib/gcc/arm-none-eabi/9.3.1/thumb/v7-m/nofp/crtn.o
                0x00000000080019d0                . = ALIGN (0x4)
                0x00000000080019d0                _etext = .

.vfp11_veneer   0x00000000080019d0        0x0
 .vfp11_veneer  0x00000000080019d0        0x0 linker stubs

.v4_bx          0x00000000080019d0        0x0
 .v4_bx         0x00000000080019d0        0x0 linker stubs

.iplt           0x00000000080019d0        0x0
 .iplt          0x00000000080019d0        0x0 c:/st/stm32cubeide_1.8.0/stm32cubeide/plugins/com.st.stm32cube.ide.mcu.externaltools.gnu-tools-for-stm32.9-2020-q2-update.win32_2.0.0.202105311346/tools/bin/../lib/gcc/arm-none-eabi/9.3.1/thumb/v7-m/nofp/crtbegin.o

.rodata         0x00000000080019d0       0x40
                0x00000000080019d0                . = ALIGN (0x4)
 *(.rodata)
 .rodata        0x00000000080019d0       0x28 ./Core/Src/main.o
 *(.rodata*)
 .rodata.AHBPrescTable
                0x00000000080019f8       0x10 ./Core/Src/system_stm32l1xx.o
                0x00000000080019f8                AHBPrescTable
 .rodata.APBPrescTable
                0x0000000008001a08        0x8 ./Core/Src/system_stm32l1xx.o
                0x0000000008001a08                APBPrescTable
                0x0000000008001a10                . = ALIGN (0x4)

.rel.dyn        0x0000000008001a10        0x0
 .rel.iplt      0x0000000008001a10        0x0 c:/st/stm32cubeide_1.8.0/stm32cubeide/plugins/com.st.stm32cube.ide.mcu.externaltools.gnu-tools-for-stm32.9-2020-q2-update.win32_2.0.0.202105311346/tools/bin/../lib/gcc/arm-none-eabi/9.3.1/thumb/v7-m/nofp/crtbegin.o

.ARM.extab      0x0000000008001a10        0x0
                0x0000000008001a10                . = ALIGN (0x4)
 *(.ARM.extab* .gnu.linkonce.armextab.*)
                0x0000000008001a10                . = ALIGN (0x4)

.ARM            0x0000000008001a10        0x0
                0x0000000008001a10                . = ALIGN (0x4)
                0x0000000008001a10                __exidx_start = .
 *(.ARM.exidx*)
                0x0000000008001a10                __exidx_end = .
                0x0000000008001a10                . = ALIGN (0x4)

.preinit_array  0x0000000008001a10        0x0
                0x0000000008001a10                . = ALIGN (0x4)
                0x0000000008001a10                PROVIDE (__preinit_array_start = .)
 *(.preinit_array*)
                0x0000000008001a10                PROVIDE (__preinit_array_end = .)
                0x0000000008001a10                . = ALIGN (0x4)

.init_array     0x0000000008001a10        0x4
                0x0000000008001a10                . = ALIGN (0x4)
                0x0000000008001a10                PROVIDE (__init_array_start = .)
 *(SORT_BY_NAME(.init_array.*))
 *(.init_array*)
 .init_array    0x0000000008001a10        0x4 c:/st/stm32cubeide_1.8.0/stm32cubeide/plugins/com.st.stm32cube.ide.mcu.externaltools.gnu-tools-for-stm32.9-2020-q2-update.win32_2.0.0.202105311346/tools/bin/../lib/gcc/arm-none-eabi/9.3.1/thumb/v7-m/nofp/crtbegin.o
                0x0000000008001a14                PROVIDE (__init_array_end = .)
                0x0000000008001a14                . = ALIGN (0x4)

.fini_array     0x0000000008001a14        0x4
                0x0000000008001a14                . = ALIGN (0x4)
                [!provide]                        PROVIDE (__fini_array_start = .)
 *(SORT_BY_NAME(.fini_array.*))
 *(.fini_array*)
 .fini_array    0x0000000008001a14        0x4 c:/st/stm32cubeide_1.8.0/stm32cubeide/plugins/com.st.stm32cube.ide.mcu.externaltools.gnu-tools-for-stm32.9-2020-q2-update.win32_2.0.0.202105311346/tools/bin/../lib/gcc/arm-none-eabi/9.3.1/thumb/v7-m/nofp/crtbegin.o
                [!provide]                        PROVIDE (__fini_array_end = .)
                0x0000000008001a18                . = ALIGN (0x4)
                0x0000000008001a18                _sidata = LOADADDR (.data)

.data           0x0000000020000000        0xc load address 0x0000000008001a18
                0x0000000020000000                . = ALIGN (0x4)
                0x0000000020000000                _sdata = .
 *(.data)
 *(.data*)
 .data.SystemCoreClock
                0x0000000020000000        0x4 ./Core/Src/system_stm32l1xx.o
                0x0000000020000000                SystemCoreClock
 .data.uwTickPrio
                0x0000000020000004        0x4 ./Drivers/STM32L1xx_HAL_Driver/stm32l1xx_hal.o
                0x0000000020000004                uwTickPrio
 .data.uwTickFreq
                0x0000000020000008        0x4 ./Drivers/STM32L1xx_HAL_Driver/stm32l1xx_hal.o
                0x0000000020000008                uwTickFreq
 *(.RamFunc)
 *(.RamFunc*)
                0x000000002000000c                . = ALIGN (0x4)
                0x000000002000000c                _edata = .

.igot.plt       0x000000002000000c        0x0 load address 0x0000000008001a24
 .igot.plt      0x000000002000000c        0x0 c:/st/stm32cubeide_1.8.0/stm32cubeide/plugins/com.st.stm32cube.ide.mcu.externaltools.gnu-tools-for-stm32.9-2020-q2-update.win32_2.0.0.202105311346/tools/bin/../lib/gcc/arm-none-eabi/9.3.1/thumb/v7-m/nofp/crtbegin.o
                0x000000002000000c                . = ALIGN (0x4)

.bss            0x000000002000000c      0x498 load address 0x0000000008001a24
                0x000000002000000c                _sbss = .
                0x000000002000000c                __bss_start__ = _sbss
 *(.bss)
 .bss           0x000000002000000c       0x1c c:/st/stm32cubeide_1.8.0/stm32cubeide/plugins/com.st.stm32cube.ide.mcu.externaltools.gnu-tools-for-stm32.9-2020-q2-update.win32_2.0.0.202105311346/tools/bin/../lib/gcc/arm-none-eabi/9.3.1/thumb/v7-m/nofp/crtbegin.o
 *(.bss*)
 *(COMMON)
 COMMON         0x0000000020000028      0x3e8 ./Core/Src/main.o
                0x0000000020000028                receivedData
 COMMON         0x0000000020000410       0x90 ./Core/Src/usart.o
                0x0000000020000410                huart1
                0x0000000020000458                huart2
 COMMON         0x00000000200004a0        0x4 ./Drivers/STM32L1xx_HAL_Driver/stm32l1xx_hal.o
                0x00000000200004a0                uwTick
                0x00000000200004a4                . = ALIGN (0x4)
                0x00000000200004a4                _ebss = .
                0x00000000200004a4                __bss_end__ = _ebss

._user_heap_stack
                0x00000000200004a4      0x604 load address 0x0000000008001a24
                0x00000000200004a8                . = ALIGN (0x8)
 *fill*         0x00000000200004a4        0x4 
                [!provide]                        PROVIDE (end = .)
                0x00000000200004a8                PROVIDE (_end = .)
                0x00000000200006a8                . = (. + _Min_Heap_Size)
 *fill*         0x00000000200004a8      0x200 
                0x0000000020000aa8                . = (. + _Min_Stack_Size)
 *fill*         0x00000000200006a8      0x400 
                0x0000000020000aa8                . = ALIGN (0x8)

/DISCARD/
 libc.a(*)
 libm.a(*)
 libgcc.a(*)

.ARM.attributes
                0x0000000000000000       0x29
 *(.ARM.attributes)
 .ARM.attributes
                0x0000000000000000       0x1d c:/st/stm32cubeide_1.8.0/stm32cubeide/plugins/com.st.stm32cube.ide.mcu.externaltools.gnu-tools-for-stm32.9-2020-q2-update.win32_2.0.0.202105311346/tools/bin/../lib/gcc/arm-none-eabi/9.3.1/thumb/v7-m/nofp/crti.o
 .ARM.attributes
                0x000000000000001d       0x2d c:/st/stm32cubeide_1.8.0/stm32cubeide/plugins/com.st.stm32cube.ide.mcu.externaltools.gnu-tools-for-stm32.9-2020-q2-update.win32_2.0.0.202105311346/tools/bin/../lib/gcc/arm-none-eabi/9.3.1/thumb/v7-m/nofp/crtbegin.o
 .ARM.attributes
                0x000000000000004a       0x2d ./Core/Src/gpio.o
 .ARM.attributes
                0x0000000000000077       0x2d ./Core/Src/main.o
 .ARM.attributes
                0x00000000000000a4       0x2d ./Core/Src/stm32l1xx_hal_msp.o
 .ARM.attributes
                0x00000000000000d1       0x2d ./Core/Src/stm32l1xx_it.o
 .ARM.attributes
                0x00000000000000fe       0x2d ./Core/Src/system_stm32l1xx.o
 .ARM.attributes
                0x000000000000012b       0x2d ./Core/Src/usart.o
 .ARM.attributes
                0x0000000000000158       0x21 ./Core/Startup/startup_stm32l152retx.o
 .ARM.attributes
                0x0000000000000179       0x2d ./Drivers/STM32L1xx_HAL_Driver/stm32l1xx_hal.o
 .ARM.attributes
                0x00000000000001a6       0x2d ./Drivers/STM32L1xx_HAL_Driver/stm32l1xx_hal_cortex.o
 .ARM.attributes
                0x00000000000001d3       0x2d ./Drivers/STM32L1xx_HAL_Driver/stm32l1xx_hal_gpio.o
 .ARM.attributes
                0x0000000000000200       0x2d ./Drivers/STM32L1xx_HAL_Driver/stm32l1xx_hal_rcc.o
 .ARM.attributes
                0x000000000000022d       0x2d ./Drivers/STM32L1xx_HAL_Driver/stm32l1xx_hal_uart.o
 .ARM.attributes
                0x000000000000025a       0x2d c:/st/stm32cubeide_1.8.0/stm32cubeide/plugins/com.st.stm32cube.ide.mcu.externaltools.gnu-tools-for-stm32.9-2020-q2-update.win32_2.0.0.202105311346/tools/bin/../lib/gcc/arm-none-eabi/9.3.1/../../../../arm-none-eabi/lib/thumb/v7-m/nofp\libc_nano.a(lib_a-init.o)
 .ARM.attributes
                0x0000000000000287       0x2d c:/st/stm32cubeide_1.8.0/stm32cubeide/plugins/com.st.stm32cube.ide.mcu.externaltools.gnu-tools-for-stm32.9-2020-q2-update.win32_2.0.0.202105311346/tools/bin/../lib/gcc/arm-none-eabi/9.3.1/../../../../arm-none-eabi/lib/thumb/v7-m/nofp\libc_nano.a(lib_a-memset.o)
 .ARM.attributes
                0x00000000000002b4       0x17 c:/st/stm32cubeide_1.8.0/stm32cubeide/plugins/com.st.stm32cube.ide.mcu.externaltools.gnu-tools-for-stm32.9-2020-q2-update.win32_2.0.0.202105311346/tools/bin/../lib/gcc/arm-none-eabi/9.3.1/../../../../arm-none-eabi/lib/thumb/v7-m/nofp\libc_nano.a(lib_a-strlen.o)
 .ARM.attributes
                0x00000000000002cb       0x1d c:/st/stm32cubeide_1.8.0/stm32cubeide/plugins/com.st.stm32cube.ide.mcu.externaltools.gnu-tools-for-stm32.9-2020-q2-update.win32_2.0.0.202105311346/tools/bin/../lib/gcc/arm-none-eabi/9.3.1/thumb/v7-m/nofp/crtn.o
OUTPUT(lora_transmit.elf elf32-littlearm)
LOAD linker stubs
LOAD c:/st/stm32cubeide_1.8.0/stm32cubeide/plugins/com.st.stm32cube.ide.mcu.externaltools.gnu-tools-for-stm32.9-2020-q2-update.win32_2.0.0.202105311346/tools/bin/../lib/gcc/arm-none-eabi/9.3.1/../../../../arm-none-eabi/lib/thumb/v7-m/nofp\libc.a
LOAD c:/st/stm32cubeide_1.8.0/stm32cubeide/plugins/com.st.stm32cube.ide.mcu.externaltools.gnu-tools-for-stm32.9-2020-q2-update.win32_2.0.0.202105311346/tools/bin/../lib/gcc/arm-none-eabi/9.3.1/../../../../arm-none-eabi/lib/thumb/v7-m/nofp\libm.a
LOAD c:/st/stm32cubeide_1.8.0/stm32cubeide/plugins/com.st.stm32cube.ide.mcu.externaltools.gnu-tools-for-stm32.9-2020-q2-update.win32_2.0.0.202105311346/tools/bin/../lib/gcc/arm-none-eabi/9.3.1/thumb/v7-m/nofp\libgcc.a

.debug_info     0x0000000000000000     0x76a9
 .debug_info    0x0000000000000000      0x421 ./Core/Src/gpio.o
 .debug_info    0x0000000000000421      0x8d3 ./Core/Src/main.o
 .debug_info    0x0000000000000cf4      0x2b2 ./Core/Src/stm32l1xx_hal_msp.o
 .debug_info    0x0000000000000fa6      0x213 ./Core/Src/stm32l1xx_it.o
 .debug_info    0x00000000000011b9      0x2f8 ./Core/Src/system_stm32l1xx.o
 .debug_info    0x00000000000014b1      0x954 ./Core/Src/usart.o
 .debug_info    0x0000000000001e05       0x22 ./Core/Startup/startup_stm32l152retx.o
 .debug_info    0x0000000000001e27      0x77d ./Drivers/STM32L1xx_HAL_Driver/stm32l1xx_hal.o
 .debug_info    0x00000000000025a4      0xe32 ./Drivers/STM32L1xx_HAL_Driver/stm32l1xx_hal_cortex.o
 .debug_info    0x00000000000033d6      0x712 ./Drivers/STM32L1xx_HAL_Driver/stm32l1xx_hal_gpio.o
 .debug_info    0x0000000000003ae8      0x9e2 ./Drivers/STM32L1xx_HAL_Driver/stm32l1xx_hal_rcc.o
 .debug_info    0x00000000000044ca     0x31df ./Drivers/STM32L1xx_HAL_Driver/stm32l1xx_hal_uart.o

.debug_abbrev   0x0000000000000000     0x14b8
 .debug_abbrev  0x0000000000000000      0x14e ./Core/Src/gpio.o
 .debug_abbrev  0x000000000000014e      0x1f2 ./Core/Src/main.o
 .debug_abbrev  0x0000000000000340      0x101 ./Core/Src/stm32l1xx_hal_msp.o
 .debug_abbrev  0x0000000000000441       0xb6 ./Core/Src/stm32l1xx_it.o
 .debug_abbrev  0x00000000000004f7      0x129 ./Core/Src/system_stm32l1xx.o
 .debug_abbrev  0x0000000000000620      0x1bb ./Core/Src/usart.o
 .debug_abbrev  0x00000000000007db       0x12 ./Core/Startup/startup_stm32l152retx.o
 .debug_abbrev  0x00000000000007ed      0x24b ./Drivers/STM32L1xx_HAL_Driver/stm32l1xx_hal.o
 .debug_abbrev  0x0000000000000a38      0x33c ./Drivers/STM32L1xx_HAL_Driver/stm32l1xx_hal_cortex.o
 .debug_abbrev  0x0000000000000d74      0x1f1 ./Drivers/STM32L1xx_HAL_Driver/stm32l1xx_hal_gpio.o
 .debug_abbrev  0x0000000000000f65      0x268 ./Drivers/STM32L1xx_HAL_Driver/stm32l1xx_hal_rcc.o
 .debug_abbrev  0x00000000000011cd      0x2eb ./Drivers/STM32L1xx_HAL_Driver/stm32l1xx_hal_uart.o

.debug_aranges  0x0000000000000000      0x640
 .debug_aranges
                0x0000000000000000       0x20 ./Core/Src/gpio.o
 .debug_aranges
                0x0000000000000020       0x30 ./Core/Src/main.o
 .debug_aranges
                0x0000000000000050       0x20 ./Core/Src/stm32l1xx_hal_msp.o
 .debug_aranges
                0x0000000000000070       0x60 ./Core/Src/stm32l1xx_it.o
 .debug_aranges
                0x00000000000000d0       0x28 ./Core/Src/system_stm32l1xx.o
 .debug_aranges
                0x00000000000000f8       0x38 ./Core/Src/usart.o
 .debug_aranges
                0x0000000000000130       0x28 ./Core/Startup/startup_stm32l152retx.o
 .debug_aranges
                0x0000000000000158       0xe0 ./Drivers/STM32L1xx_HAL_Driver/stm32l1xx_hal.o
 .debug_aranges
                0x0000000000000238      0x118 ./Drivers/STM32L1xx_HAL_Driver/stm32l1xx_hal_cortex.o
 .debug_aranges
                0x0000000000000350       0x58 ./Drivers/STM32L1xx_HAL_Driver/stm32l1xx_hal_gpio.o
 .debug_aranges
                0x00000000000003a8       0x90 ./Drivers/STM32L1xx_HAL_Driver/stm32l1xx_hal_rcc.o
 .debug_aranges
                0x0000000000000438      0x208 ./Drivers/STM32L1xx_HAL_Driver/stm32l1xx_hal_uart.o

.debug_ranges   0x0000000000000000      0x5b8
 .debug_ranges  0x0000000000000000       0x10 ./Core/Src/gpio.o
 .debug_ranges  0x0000000000000010       0x20 ./Core/Src/main.o
 .debug_ranges  0x0000000000000030       0x10 ./Core/Src/stm32l1xx_hal_msp.o
 .debug_ranges  0x0000000000000040       0x50 ./Core/Src/stm32l1xx_it.o
 .debug_ranges  0x0000000000000090       0x18 ./Core/Src/system_stm32l1xx.o
 .debug_ranges  0x00000000000000a8       0x28 ./Core/Src/usart.o
 .debug_ranges  0x00000000000000d0       0x20 ./Core/Startup/startup_stm32l152retx.o
 .debug_ranges  0x00000000000000f0       0xd0 ./Drivers/STM32L1xx_HAL_Driver/stm32l1xx_hal.o
 .debug_ranges  0x00000000000001c0      0x108 ./Drivers/STM32L1xx_HAL_Driver/stm32l1xx_hal_cortex.o
 .debug_ranges  0x00000000000002c8       0x48 ./Drivers/STM32L1xx_HAL_Driver/stm32l1xx_hal_gpio.o
 .debug_ranges  0x0000000000000310       0x80 ./Drivers/STM32L1xx_HAL_Driver/stm32l1xx_hal_rcc.o
 .debug_ranges  0x0000000000000390      0x228 ./Drivers/STM32L1xx_HAL_Driver/stm32l1xx_hal_uart.o

.debug_macro    0x0000000000000000    0x14973
 .debug_macro   0x0000000000000000      0x1b4 ./Core/Src/gpio.o
 .debug_macro   0x00000000000001b4      0xa9c ./Core/Src/gpio.o
 .debug_macro   0x0000000000000c50      0x109 ./Core/Src/gpio.o
 .debug_macro   0x0000000000000d59       0x2e ./Core/Src/gpio.o
 .debug_macro   0x0000000000000d87       0x22 ./Core/Src/gpio.o
 .debug_macro   0x0000000000000da9       0x22 ./Core/Src/gpio.o
 .debug_macro   0x0000000000000dcb       0x8e ./Core/Src/gpio.o
 .debug_macro   0x0000000000000e59       0x51 ./Core/Src/gpio.o
 .debug_macro   0x0000000000000eaa      0x103 ./Core/Src/gpio.o
 .debug_macro   0x0000000000000fad       0x6a ./Core/Src/gpio.o
 .debug_macro   0x0000000000001017      0x1df ./Core/Src/gpio.o
 .debug_macro   0x00000000000011f6       0x1c ./Core/Src/gpio.o
 .debug_macro   0x0000000000001212       0x22 ./Core/Src/gpio.o
 .debug_macro   0x0000000000001234       0xc3 ./Core/Src/gpio.o
 .debug_macro   0x00000000000012f7      0xe49 ./Core/Src/gpio.o
 .debug_macro   0x0000000000002140      0x11f ./Core/Src/gpio.o
 .debug_macro   0x000000000000225f     0xb56a ./Core/Src/gpio.o
 .debug_macro   0x000000000000d7c9       0x6d ./Core/Src/gpio.o
 .debug_macro   0x000000000000d836     0x34cc ./Core/Src/gpio.o
 .debug_macro   0x0000000000010d02      0x174 ./Core/Src/gpio.o
 .debug_macro   0x0000000000010e76       0x5b ./Core/Src/gpio.o
 .debug_macro   0x0000000000010ed1      0xe37 ./Core/Src/gpio.o
 .debug_macro   0x0000000000011d08      0x35b ./Core/Src/gpio.o
 .debug_macro   0x0000000000012063      0x1b8 ./Core/Src/gpio.o
 .debug_macro   0x000000000001221b       0xc5 ./Core/Src/gpio.o
 .debug_macro   0x00000000000122e0      0x21e ./Core/Src/gpio.o
 .debug_macro   0x00000000000124fe      0x236 ./Core/Src/gpio.o
 .debug_macro   0x0000000000012734      0x115 ./Core/Src/gpio.o
 .debug_macro   0x0000000000012849      0x567 ./Core/Src/gpio.o
 .debug_macro   0x0000000000012db0      0x1e9 ./Core/Src/gpio.o
 .debug_macro   0x0000000000012f99       0x22 ./Core/Src/gpio.o
 .debug_macro   0x0000000000012fbb      0x2aa ./Core/Src/gpio.o
 .debug_macro   0x0000000000013265      0x170 ./Core/Src/gpio.o
 .debug_macro   0x00000000000133d5      0x492 ./Core/Src/gpio.o
 .debug_macro   0x0000000000013867       0x58 ./Core/Src/gpio.o
 .debug_macro   0x00000000000138bf      0x1c2 ./Core/Src/main.o
 .debug_macro   0x0000000000013a81      0x1aa ./Core/Src/stm32l1xx_hal_msp.o
 .debug_macro   0x0000000000013c2b      0x1b4 ./Core/Src/stm32l1xx_it.o
 .debug_macro   0x0000000000013ddf      0x19b ./Core/Src/system_stm32l1xx.o
 .debug_macro   0x0000000000013f7a      0x1b4 ./Core/Src/usart.o
 .debug_macro   0x000000000001412e      0x1bf ./Drivers/STM32L1xx_HAL_Driver/stm32l1xx_hal.o
 .debug_macro   0x00000000000142ed      0x19b ./Drivers/STM32L1xx_HAL_Driver/stm32l1xx_hal_cortex.o
 .debug_macro   0x0000000000014488      0x1a2 ./Drivers/STM32L1xx_HAL_Driver/stm32l1xx_hal_gpio.o
 .debug_macro   0x000000000001462a      0x1ad ./Drivers/STM32L1xx_HAL_Driver/stm32l1xx_hal_rcc.o
 .debug_macro   0x00000000000147d7      0x19c ./Drivers/STM32L1xx_HAL_Driver/stm32l1xx_hal_uart.o

.debug_line     0x0000000000000000     0x8bcb
 .debug_line    0x0000000000000000      0x785 ./Core/Src/gpio.o
 .debug_line    0x0000000000000785      0x844 ./Core/Src/main.o
 .debug_line    0x0000000000000fc9      0x76d ./Core/Src/stm32l1xx_hal_msp.o
 .debug_line    0x0000000000001736      0x82e ./Core/Src/stm32l1xx_it.o
 .debug_line    0x0000000000001f64      0x80a ./Core/Src/system_stm32l1xx.o
 .debug_line    0x000000000000276e      0x83f ./Core/Src/usart.o
 .debug_line    0x0000000000002fad       0x87 ./Core/Startup/startup_stm32l152retx.o
 .debug_line    0x0000000000003034      0xa6b ./Drivers/STM32L1xx_HAL_Driver/stm32l1xx_hal.o
 .debug_line    0x0000000000003a9f      0xd38 ./Drivers/STM32L1xx_HAL_Driver/stm32l1xx_hal_cortex.o
 .debug_line    0x00000000000047d7      0xae3 ./Drivers/STM32L1xx_HAL_Driver/stm32l1xx_hal_gpio.o
 .debug_line    0x00000000000052ba      0xf74 ./Drivers/STM32L1xx_HAL_Driver/stm32l1xx_hal_rcc.o
 .debug_line    0x000000000000622e     0x299d ./Drivers/STM32L1xx_HAL_Driver/stm32l1xx_hal_uart.o

.debug_str      0x0000000000000000    0x80a48
 .debug_str     0x0000000000000000    0x7ed00 ./Core/Src/gpio.o
                                      0x7ef7e (size before relaxing)
 .debug_str     0x000000000007ed00      0x578 ./Core/Src/main.o
                                      0x7f430 (size before relaxing)
 .debug_str     0x000000000007f278       0x2c ./Core/Src/stm32l1xx_hal_msp.o
                                      0x7eee1 (size before relaxing)
 .debug_str     0x000000000007f2a4       0xbd ./Core/Src/stm32l1xx_it.o
                                      0x7ef06 (size before relaxing)
 .debug_str     0x000000000007f361       0x61 ./Core/Src/system_stm32l1xx.o
                                      0x7eddf (size before relaxing)
 .debug_str     0x000000000007f3c2       0x6b ./Core/Src/usart.o
                                      0x7f3b1 (size before relaxing)
 .debug_str     0x000000000007f42d       0x36 ./Core/Startup/startup_stm32l152retx.o
                                         0x79 (size before relaxing)
 .debug_str     0x000000000007f463      0x68e ./Drivers/STM32L1xx_HAL_Driver/stm32l1xx_hal.o
                                      0x7f50e (size before relaxing)
 .debug_str     0x000000000007faf1      0x45b ./Drivers/STM32L1xx_HAL_Driver/stm32l1xx_hal_cortex.o
                                      0x7f640 (size before relaxing)
 .debug_str     0x000000000007ff4c      0x195 ./Drivers/STM32L1xx_HAL_Driver/stm32l1xx_hal_gpio.o
                                      0x7eff8 (size before relaxing)
 .debug_str     0x00000000000800e1      0x2ef ./Drivers/STM32L1xx_HAL_Driver/stm32l1xx_hal_rcc.o
                                      0x7f2a5 (size before relaxing)
 .debug_str     0x00000000000803d0      0x678 ./Drivers/STM32L1xx_HAL_Driver/stm32l1xx_hal_uart.o
                                      0x7f841 (size before relaxing)

.comment        0x0000000000000000       0x53
 .comment       0x0000000000000000       0x53 ./Core/Src/gpio.o
                                         0x54 (size before relaxing)
 .comment       0x0000000000000053       0x54 ./Core/Src/main.o
 .comment       0x0000000000000053       0x54 ./Core/Src/stm32l1xx_hal_msp.o
 .comment       0x0000000000000053       0x54 ./Core/Src/stm32l1xx_it.o
 .comment       0x0000000000000053       0x54 ./Core/Src/system_stm32l1xx.o
 .comment       0x0000000000000053       0x54 ./Core/Src/usart.o
 .comment       0x0000000000000053       0x54 ./Drivers/STM32L1xx_HAL_Driver/stm32l1xx_hal.o
 .comment       0x0000000000000053       0x54 ./Drivers/STM32L1xx_HAL_Driver/stm32l1xx_hal_cortex.o
 .comment       0x0000000000000053       0x54 ./Drivers/STM32L1xx_HAL_Driver/stm32l1xx_hal_gpio.o
 .comment       0x0000000000000053       0x54 ./Drivers/STM32L1xx_HAL_Driver/stm32l1xx_hal_rcc.o
 .comment       0x0000000000000053       0x54 ./Drivers/STM32L1xx_HAL_Driver/stm32l1xx_hal_uart.o

.debug_frame    0x0000000000000000     0x1790
 .debug_frame   0x0000000000000000       0x34 ./Core/Src/gpio.o
 .debug_frame   0x0000000000000034       0x70 ./Core/Src/main.o
 .debug_frame   0x00000000000000a4       0x34 ./Core/Src/stm32l1xx_hal_msp.o
 .debug_frame   0x00000000000000d8      0x104 ./Core/Src/stm32l1xx_it.o
 .debug_frame   0x00000000000001dc       0x58 ./Core/Src/system_stm32l1xx.o
 .debug_frame   0x0000000000000234       0x90 ./Core/Src/usart.o
 .debug_frame   0x00000000000002c4      0x33c ./Drivers/STM32L1xx_HAL_Driver/stm32l1xx_hal.o
 .debug_frame   0x0000000000000600      0x498 ./Drivers/STM32L1xx_HAL_Driver/stm32l1xx_hal_cortex.o
 .debug_frame   0x0000000000000a98      0x14c ./Drivers/STM32L1xx_HAL_Driver/stm32l1xx_hal_gpio.o
 .debug_frame   0x0000000000000be4      0x21c ./Drivers/STM32L1xx_HAL_Driver/stm32l1xx_hal_rcc.o
 .debug_frame   0x0000000000000e00      0x944 ./Drivers/STM32L1xx_HAL_Driver/stm32l1xx_hal_uart.o
 .debug_frame   0x0000000000001744       0x2c c:/st/stm32cubeide_1.8.0/stm32cubeide/plugins/com.st.stm32cube.ide.mcu.externaltools.gnu-tools-for-stm32.9-2020-q2-update.win32_2.0.0.202105311346/tools/bin/../lib/gcc/arm-none-eabi/9.3.1/../../../../arm-none-eabi/lib/thumb/v7-m/nofp\libc_nano.a(lib_a-init.o)
 .debug_frame   0x0000000000001770       0x20 c:/st/stm32cubeide_1.8.0/stm32cubeide/plugins/com.st.stm32cube.ide.mcu.externaltools.gnu-tools-for-stm32.9-2020-q2-update.win32_2.0.0.202105311346/tools/bin/../lib/gcc/arm-none-eabi/9.3.1/../../../../arm-none-eabi/lib/thumb/v7-m/nofp\libc_nano.a(lib_a-memset.o)
